// Jest Snapshot v1, https://goo.gl/fbAQLP

exports[`snapshot 1`] = `
<section
  className="wrapper"
  style={Object {}}
>
  <Icon
    color="lightgray"
    onClick={[Function]}
    style={
      Object {
        "cursor": "pointer",
        "maxWidth": 50,
        "minWidth": 25,
        "width": "7vw",
      }
    }
    value="arrowLeft"
    width={60}
  />
  <div
    className="images"
  >
    <Swiper
      onSwipeLeft={[Function]}
      onSwipeRight={[Function]}
      threshold={15}
    >
      <div
        className="image-container"
        style={
          Object {
            "transform": "translateX(0px)",
            "transition": "transform .4s ease-in-out",
          }
        }
      >
        <Image
          alt="image 1"
          key="image 1"
          onError={[Function]}
          onLoad={[Function]}
          src="images/slide-1.jpg"
        />
        <Image
          alt="image 2"
          key="image 2"
          onError={[Function]}
          onLoad={[Function]}
          src="images/slide-2.jpg"
        />
        <Image
          alt="image 3"
          key="image 3"
          onError={[Function]}
          onLoad={[Function]}
          src="images/slide-3.jpg"
        />
      </div>
    </Swiper>
  </div>
  <Icon
    color="lightgray"
    onClick={[Function]}
    style={
      Object {
        "cursor": "pointer",
        "maxWidth": 50,
        "minWidth": 25,
        "width": "7vw",
      }
    }
    value="arrowRight"
    width={60}
  />
</section>
`;
