// Jest Snapshot v1, https://goo.gl/fbAQLP

exports[`snapshot 1`] = `
<React.Fragment>
  <h3
    className="listTitle"
  />
  <ul
    className="list"
  >
    <li
      key="list item 1"
    >
      list item 1
    </li>
    <li
      key="list item 2"
    >
      list item 2
    </li>
    <li
      key="list item 3"
    >
      list item 3
    </li>
  </ul>
</React.Fragment>
`;
