// Jest Snapshot v1, https://goo.gl/fbAQLP

exports[`snapshot 1`] = `
<div
  className="overlay"
  onClick={[Function]}
>
  <div
    className="modal"
  >
    <Icon
      className="x-button"
      color="rgba(0, 0, 0, .3)"
      onClick={[Function]}
      value="close"
      width="20px"
    />
    <header />
    <p>
      Modal Content
    </p>
    <Button
      onClick={[Function]}
      style={
        Object {
          "margin": "auto",
          "width": 100,
        }
      }
      type="secondary"
    >
      OK
    </Button>
  </div>
</div>
`;
