// Jest Snapshot v1, https://goo.gl/fbAQLP

exports[`snapshot 1`] = `
<React.Fragment>
  <aside
    className="sidebar"
    style={
      Object {
        "display": "block",
      }
    }
  >
    <nav
      className="nav"
    >
      <a
        href="/nave menu item 1"
        key="nave menu item 1"
        onClick={[Function]}
        style={
          Object {
            "color": "rgb(52, 88, 226)",
          }
        }
      >
        nave menu item 1
      </a>
      <a
        href="/nave menu item 2"
        key="nave menu item 2"
        onClick={[Function]}
        style={
          Object {
            "color": "rgb(52, 88, 226)",
          }
        }
      >
        nave menu item 2
      </a>
      <a
        href="/nave menu item 3"
        key="nave menu item 3"
        onClick={[Function]}
        style={
          Object {
            "color": "rgb(52, 88, 226)",
          }
        }
      >
        nave menu item 3
      </a>
    </nav>
    <style>
      
    nav &gt; a:hover {
      background: rgba(52, 88, 226, .1);
    }
  
    </style>
  </aside>
</React.Fragment>
`;
